[INFO] Scanning for projects...
[INFO] 
[INFO] -------------------< com.nearnest:nearnest-backend >--------------------
[INFO] Building NearNest 1.0.0
[INFO]   from pom.xml
[INFO] --------------------------------[ jar ]---------------------------------
[INFO] 
[INFO] --- clean:3.3.2:clean (default-clean) @ nearnest-backend ---
[INFO] Deleting C:\Users\pruthviraj\OneDrive\Desktop\jdk\LocalConnect\backend\target
[INFO] ------------------------------------------------------------------------
[INFO] BUILD FAILURE
[INFO] ------------------------------------------------------------------------
[INFO] Total time:  1.907 s
[INFO] Finished at: 2026-03-17T23:31:10+05:30
[INFO] ------------------------------------------------------------------------
[ERROR] Failed to execute goal org.apache.maven.plugins:maven-clean-plugin:3.3.2:clean (default-clean) on project nearnest-backend: Failed to clean project: Failed to delete C:\Users\pruthviraj\OneDrive\Desktop\jdk\LocalConnect\backend\target\test-classes -> [Help 1]
[ERROR] 
[ERROR] To see the full stack trace of the errors, re-run Maven with the -e switch.
[ERROR] Re-run Maven using the -X switch to enable full debug logging.
[ERROR] 
[ERROR] For more information about the errors and possible solutions, please read the following articles:
[ERROR] [Help 1] http://cwiki.apache.org/confluence/display/MAVEN/MojoExecutionException
