[INFO] Scanning for projects...
[INFO] 
[INFO] -------------------< com.nearnest:nearnest-backend >--------------------
[INFO] Building NearNest 1.0.0
[INFO]   from pom.xml
[INFO] --------------------------------[ jar ]---------------------------------
[INFO] 
[INFO] --- clean:3.3.2:clean (default-clean) @ nearnest-backend ---
[INFO] Deleting C:\Users\pruthviraj\OneDrive\Desktop\jdk\LocalConnect\backend\target
[INFO] 
[INFO] --- resources:3.3.1:resources (default-resources) @ nearnest-backend ---
[INFO] Copying 1 resource from src\main\resources to target\classes
[INFO] Copying 0 resource from src\main\resources to target\classes
[INFO] 
[INFO] --- compiler:3.13.0:compile (default-compile) @ nearnest-backend ---
[INFO] Recompiling the module because of changed source code.
[INFO] Compiling 78 source files with javac [debug parameters release 17] to target\classes
[INFO] -------------------------------------------------------------
[ERROR] COMPILATION ERROR : 
[INFO] -------------------------------------------------------------
[ERROR] /C:/Users/pruthviraj/OneDrive/Desktop/jdk/LocalConnect/backend/src/main/java/com/nearnest/service/StripeService.java:[7,18] package com.stripe does not exist
[ERROR] /C:/Users/pruthviraj/OneDrive/Desktop/jdk/LocalConnect/backend/src/main/java/com/nearnest/service/StripeService.java:[8,28] package com.stripe.exception does not exist
[ERROR] /C:/Users/pruthviraj/OneDrive/Desktop/jdk/LocalConnect/backend/src/main/java/com/nearnest/service/StripeService.java:[9,24] package com.stripe.model does not exist
[ERROR] /C:/Users/pruthviraj/OneDrive/Desktop/jdk/LocalConnect/backend/src/main/java/com/nearnest/service/StripeService.java:[10,24] package com.stripe.model does not exist
[ERROR] /C:/Users/pruthviraj/OneDrive/Desktop/jdk/LocalConnect/backend/src/main/java/com/nearnest/service/StripeService.java:[11,22] package com.stripe.net does not exist
[ERROR] /C:/Users/pruthviraj/OneDrive/Desktop/jdk/LocalConnect/backend/src/main/java/com/nearnest/service/StripeService.java:[12,24] package com.stripe.param does not exist
[ERROR] /C:/Users/pruthviraj/OneDrive/Desktop/jdk/LocalConnect/backend/src/main/java/com/nearnest/service/StripeService.java:[44,13] cannot find symbol
  symbol:   variable Stripe
  location: class com.nearnest.service.StripeService
[ERROR] /C:/Users/pruthviraj/OneDrive/Desktop/jdk/LocalConnect/backend/src/main/java/com/nearnest/service/StripeService.java:[73,9] cannot find symbol
  symbol:   class PaymentIntentCreateParams
  location: class com.nearnest.service.StripeService
[ERROR] /C:/Users/pruthviraj/OneDrive/Desktop/jdk/LocalConnect/backend/src/main/java/com/nearnest/service/StripeService.java:[73,44] cannot find symbol
  symbol:   variable PaymentIntentCreateParams
  location: class com.nearnest.service.StripeService
[ERROR] /C:/Users/pruthviraj/OneDrive/Desktop/jdk/LocalConnect/backend/src/main/java/com/nearnest/service/StripeService.java:[78,50] package PaymentIntentCreateParams does not exist
[ERROR] /C:/Users/pruthviraj/OneDrive/Desktop/jdk/LocalConnect/backend/src/main/java/com/nearnest/service/StripeService.java:[85,13] cannot find symbol
  symbol:   class PaymentIntent
  location: class com.nearnest.service.StripeService
[ERROR] /C:/Users/pruthviraj/OneDrive/Desktop/jdk/LocalConnect/backend/src/main/java/com/nearnest/service/StripeService.java:[85,36] cannot find symbol
  symbol:   variable PaymentIntent
  location: class com.nearnest.service.StripeService
[ERROR] /C:/Users/pruthviraj/OneDrive/Desktop/jdk/LocalConnect/backend/src/main/java/com/nearnest/service/StripeService.java:[121,9] cannot find symbol
  symbol:   class Event
  location: class com.nearnest.service.StripeService
[ERROR] /C:/Users/pruthviraj/OneDrive/Desktop/jdk/LocalConnect/backend/src/main/java/com/nearnest/service/StripeService.java:[123,21] cannot find symbol
  symbol:   variable Webhook
  location: class com.nearnest.service.StripeService
[ERROR] /C:/Users/pruthviraj/OneDrive/Desktop/jdk/LocalConnect/backend/src/main/java/com/nearnest/service/StripeService.java:[124,18] cannot find symbol
  symbol:   class SignatureVerificationException
  location: class com.nearnest.service.StripeService
[ERROR] /C:/Users/pruthviraj/OneDrive/Desktop/jdk/LocalConnect/backend/src/main/java/com/nearnest/service/StripeService.java:[128,13] cannot find symbol
  symbol:   class PaymentIntent
  location: class com.nearnest.service.StripeService
[ERROR] /C:/Users/pruthviraj/OneDrive/Desktop/jdk/LocalConnect/backend/src/main/java/com/nearnest/service/StripeService.java:[128,33] cannot find symbol
  symbol:   class PaymentIntent
  location: class com.nearnest.service.StripeService
[INFO] 17 errors 
[INFO] -------------------------------------------------------------
[INFO] ------------------------------------------------------------------------
[INFO] BUILD FAILURE
[INFO] ------------------------------------------------------------------------
[INFO] Total time:  6.613 s
[INFO] Finished at: 2026-03-19T00:41:32+05:30
[INFO] ------------------------------------------------------------------------
[ERROR] Failed to execute goal org.apache.maven.plugins:maven-compiler-plugin:3.13.0:compile (default-compile) on project nearnest-backend: Compilation failure: Compilation failure: 
[ERROR] /C:/Users/pruthviraj/OneDrive/Desktop/jdk/LocalConnect/backend/src/main/java/com/nearnest/service/StripeService.java:[7,18] package com.stripe does not exist
[ERROR] /C:/Users/pruthviraj/OneDrive/Desktop/jdk/LocalConnect/backend/src/main/java/com/nearnest/service/StripeService.java:[8,28] package com.stripe.exception does not exist
[ERROR] /C:/Users/pruthviraj/OneDrive/Desktop/jdk/LocalConnect/backend/src/main/java/com/nearnest/service/StripeService.java:[9,24] package com.stripe.model does not exist
[ERROR] /C:/Users/pruthviraj/OneDrive/Desktop/jdk/LocalConnect/backend/src/main/java/com/nearnest/service/StripeService.java:[10,24] package com.stripe.model does not exist
[ERROR] /C:/Users/pruthviraj/OneDrive/Desktop/jdk/LocalConnect/backend/src/main/java/com/nearnest/service/StripeService.java:[11,22] package com.stripe.net does not exist
[ERROR] /C:/Users/pruthviraj/OneDrive/Desktop/jdk/LocalConnect/backend/src/main/java/com/nearnest/service/StripeService.java:[12,24] package com.stripe.param does not exist
[ERROR] /C:/Users/pruthviraj/OneDrive/Desktop/jdk/LocalConnect/backend/src/main/java/com/nearnest/service/StripeService.java:[44,13] cannot find symbol
[ERROR]   symbol:   variable Stripe
[ERROR]   location: class com.nearnest.service.StripeService
[ERROR] /C:/Users/pruthviraj/OneDrive/Desktop/jdk/LocalConnect/backend/src/main/java/com/nearnest/service/StripeService.java:[73,9] cannot find symbol
[ERROR]   symbol:   class PaymentIntentCreateParams
[ERROR]   location: class com.nearnest.service.StripeService
[ERROR] /C:/Users/pruthviraj/OneDrive/Desktop/jdk/LocalConnect/backend/src/main/java/com/nearnest/service/StripeService.java:[73,44] cannot find symbol
[ERROR]   symbol:   variable PaymentIntentCreateParams
[ERROR]   location: class com.nearnest.service.StripeService
[ERROR] /C:/Users/pruthviraj/OneDrive/Desktop/jdk/LocalConnect/backend/src/main/java/com/nearnest/service/StripeService.java:[78,50] package PaymentIntentCreateParams does not exist
[ERROR] /C:/Users/pruthviraj/OneDrive/Desktop/jdk/LocalConnect/backend/src/main/java/com/nearnest/service/StripeService.java:[85,13] cannot find symbol
[ERROR]   symbol:   class PaymentIntent
[ERROR]   location: class com.nearnest.service.StripeService
[ERROR] /C:/Users/pruthviraj/OneDrive/Desktop/jdk/LocalConnect/backend/src/main/java/com/nearnest/service/StripeService.java:[85,36] cannot find symbol
[ERROR]   symbol:   variable PaymentIntent
[ERROR]   location: class com.nearnest.service.StripeService
[ERROR] /C:/Users/pruthviraj/OneDrive/Desktop/jdk/LocalConnect/backend/src/main/java/com/nearnest/service/StripeService.java:[121,9] cannot find symbol
[ERROR]   symbol:   class Event
[ERROR]   location: class com.nearnest.service.StripeService
[ERROR] /C:/Users/pruthviraj/OneDrive/Desktop/jdk/LocalConnect/backend/src/main/java/com/nearnest/service/StripeService.java:[123,21] cannot find symbol
[ERROR]   symbol:   variable Webhook
[ERROR]   location: class com.nearnest.service.StripeService
[ERROR] /C:/Users/pruthviraj/OneDrive/Desktop/jdk/LocalConnect/backend/src/main/java/com/nearnest/service/StripeService.java:[124,18] cannot find symbol
[ERROR]   symbol:   class SignatureVerificationException
[ERROR]   location: class com.nearnest.service.StripeService
[ERROR] /C:/Users/pruthviraj/OneDrive/Desktop/jdk/LocalConnect/backend/src/main/java/com/nearnest/service/StripeService.java:[128,13] cannot find symbol
[ERROR]   symbol:   class PaymentIntent
[ERROR]   location: class com.nearnest.service.StripeService
[ERROR] /C:/Users/pruthviraj/OneDrive/Desktop/jdk/LocalConnect/backend/src/main/java/com/nearnest/service/StripeService.java:[128,33] cannot find symbol
[ERROR]   symbol:   class PaymentIntent
[ERROR]   location: class com.nearnest.service.StripeService
[ERROR] -> [Help 1]
[ERROR] 
[ERROR] To see the full stack trace of the errors, re-run Maven with the -e switch.
[ERROR] Re-run Maven using the -X switch to enable full debug logging.
[ERROR] 
[ERROR] For more information about the errors and possible solutions, please read the following articles:
[ERROR] [Help 1] http://cwiki.apache.org/confluence/display/MAVEN/MojoFailureException
